...                                                                      [100%]
3 passed in 24.27s
